I'm sorry, but errors were detected in your script. Please correct the
errors listed below, and try again.


File "game/script.rpy", line 44: end of line expected.
    screen dragKitchen(): imagebutton idle "images/mug.png" action Jump('brewing') pos (0.5, 0.9) anchor (0.5, 1.0)
                          ^

Ren'Py Version: Ren'Py 8.3.4.24120703
Sun Apr  6 09:34:54 2025
